Enter password: ****
Welcome to the MySQL monitor.  Commands end with ; or \g.
Your MySQL connection id is 10
Server version: 8.0.19 MySQL Community Server - GPL

Copyright (c) 2000, 2020, Oracle and/or its affiliates. All rights reserved.

Oracle is a registered trademark of Oracle Corporation and/or its
affiliates. Other names may be trademarks of their respective
owners.

Type 'help;' or '\h' for help. Type '\c' to clear the current input statement.

mysql> show databases;
+--------------------+
| Database           |
+--------------------+
| information_schema |
| mysql              |
| performance_schema |
| sys                |
+--------------------+
4 rows in set (0.06 sec)

mysql> create database BidvestBank;
Query OK, 1 row affected (0.01 sec)

mysql> use BidvestBank;
Database changed
mysql> create table BankBranch(
    -> branch_name varchar(20) not null primary key,
    -> branch_city varchar(20) not null,
    -> assets int not null
    -> );
Query OK, 0 rows affected (0.07 sec)

mysql> create table Customer(
    -> customer_name varchar(20) not null primary key,
    -> customer_street varchar(40) not null,
    -> customer_city varchar(20) not null
    -> );
Query OK, 0 rows affected (0.04 sec)

mysql> create table CustomerAccount(
    -> account_number char(5) not null primary key,
    -> branch_name varchar(10),
    -> balance double
    -> );
Query OK, 0 rows affected (0.04 sec)

mysql> create table Loan(
    -> loan_number char(5) not null primary key,
    -> branch_name varchar(20) not null,
    -> amount double
    -> );
Query OK, 0 rows affected (0.04 sec)

mysql> create table Depositor(
    -> customer_name varchar(20) not null,
    -> account_number char(5) not null primary key
    -> );
Query OK, 0 rows affected (0.04 sec)

mysql> create table Borrower(
    -> customer_name varchar(20) not null,
    -> loan_number char(5) not null primary key
    -> );
Query OK, 0 rows affected (0.04 sec)

mysql> create table Employee(
    -> employee_name varchar(20) not null,
    -> branch_name varchar(20) not null,
    -> salary double,
    -> primary key(employee_name)
    -> );
Query OK, 0 rows affected (0.04 sec)

mysql> select table Employee;
ERROR 1064 (42000): You have an error in your SQL syntax; check the manual that corresponds to your MySQL server version for the right syntax to use near 'table Employee' at line 1
mysql> select Employee;
ERROR 1054 (42S22): Unknown column 'Employee' in 'field list'
mysql> Alter Table Employee Modify branch_name varchar(10);
Query OK, 0 rows affected (0.10 sec)
Records: 0  Duplicates: 0  Warnings: 0

mysql>